// Jest Snapshot v1, https://goo.gl/fbAQLP

exports[`Progress component sanity matches default snapshot 1`] = `
.c0 {
  -webkit-appearance: none;
  -moz-appearance: none;
  appearance: none;
  display: inline-block;
  overflow: hidden;
  height: 8px;
  border-radius: 8px;
}

.c0::-webkit-progress-bar {
  background-color: rgba(26,90,254,0.25);
}

.c0::-webkit-progress-value {
  background-color: #1A5AFE;
  border-radius: 8px;
}

<progress
  class="c0"
/>
`;

exports[`Progress component sanity matches themed snapshot 1`] = `
.c0 {
  -webkit-appearance: none;
  -moz-appearance: none;
  appearance: none;
  display: inline-block;
  overflow: hidden;
  height: 8px;
  border-radius: 8px;
}

.c0::-webkit-progress-bar {
  background-color: rgba(26,90,254,0.25);
}

.c0::-webkit-progress-value {
  background-color: #1A5AFE;
  border-radius: 8px;
}

<progress
  class="c0"
/>
`;
